// Vitest Snapshot v1, https://vitest.dev/guide/snapshot.html

exports[`BuildInfo > renders correctly 1`] = `
<table
  class="table"
>
  <thead>
    <tr>
      <th>
        Name
      </th>
      <th>
        Value
      </th>
    </tr>
  </thead>
  <tbody>
    <tr>
      <td>
        Build Version
      </td>
      <td>
        1.0.0
      </td>
    </tr>
  </tbody>
</table>
`;
