// Vitest Snapshot v1, https://vitest.dev/guide/snapshot.html

exports[`Extension > renders correctly 1`] = `
<div
  class="extension-root flex-grow-1"
>
  <h2
    class="fw-bold"
  >
    TestExtension
  </h2>
  <div>
    <h3>
      Configuration
    </h3>
    <table
      class="table"
    >
      <thead>
        <tr>
          <th>
            Key
          </th>
          <th>
            Value
          </th>
        </tr>
      </thead>
      <tbody>
        <tr>
          <td>
            ckey
          </td>
          <td>
            cvalue
          </td>
        </tr>
      </tbody>
    </table>
  </div>
  <div>
    <h3>
      Stage Definitions
    </h3>
    <table
      class="table"
    >
      <thead>
        <tr>
          <th>
            Key
          </th>
          <th>
            Value
          </th>
        </tr>
      </thead>
      <tbody>
        <tr>
          <td>
            stage1
          </td>
          <td>
            step1, step2
          </td>
        </tr>
      </tbody>
    </table>
  </div>
</div>
`;
